// Jest Snapshot v1, https://goo.gl/fbAQLP

exports[`global styles renders without correctly 1`] = `null`;
